// Jest Snapshot v1, https://goo.gl/fbAQLP

exports[`renders correctly 1`] = `
<div
  className="app ac-content min"
>
  <div
    className="wrapper"
  >
    <a
      href=""
      onClick={[Function]}
      rel="noopener noreferrer"
      target="_blank"
    >
      <img
        alt=""
        className="thumb"
        onLoad={[Function]}
        src=""
      />
    </a>
    <div
      className="info"
    >
      <h4
        className="info--project-name"
      >
        
      </h4>
      <span
        className="info--project-type"
      >
        InVision Prototype
      </span>
    </div>
  </div>
  <div
    className="tools"
  >
    <a
      className="resize min"
      onClick={[Function]}
    >
      <span
        className="size"
      >
        <img
          alt="Resize"
          height="20"
          src="resize-full-screen.svg"
          width="20"
        />
      </span>
    </a>
    <a
      className="link"
      href=""
      onClick={[Function]}
      rel="noopener noreferrer"
      target="_blank"
    >
      <span
        className="logo"
      >
        <img
          alt="InVisionApp logo"
          height="28"
          src="InVision-icon.svg"
          width="28"
        />
        <span
          className="open-in-invision"
        >
          Open in InVision
        </span>
      </span>
    </a>
  </div>
</div>
`;
